run_id: 36133526846  attempt: 1
trigger: workflow_dispatch  ref: main  sha: adb399ae38ccf8570ba1c71b1ff4be1c27d8708b
outcome: success
──────────────────────────────────────
── resolving project & policy version
  project 50141cd1-9285-4d91-a7d1-dbd91a3ffcb5
  policy version 04db897f-4c6e-49fd-b77e-96b8e349e302 (Run: Test — 9/25/2026, 1:04:55 PM)
  policy_hash af41508f719acda9a6aeaaf2cc6bbd8ebc1d79a3a40b47c96167828b65e7b665
── data-plane preflight (anon grants)
  ✓ anon SELECT simulation_runs (incl. gate_skipped column)
  ✓ anon SELECT run_replications
── preparing scenario
  scenario 06e34204-7d43-4538-be46-07d279c11d0b → 200 reps × 365 days
── subscribing to realtime (same channels as the UI)
  ✓ realtime channel SUBSCRIBED
── dispatching experiment.run via sim-command
  ✓ dispatched → run 1b9398ed-feca-4129-8d72-b1d5bca010d9
── waiting for the worker (status transitions below)
  [6s] status=queued reps 0/200 (realtime: 1 run / 0 rep events)
  [12s] status=running reps 0/200 (realtime: 1 run / 0 rep events)
  [22s] status=done reps 200/200 (realtime: 202 run / 200 rep events)
── assertions
  ✓ run finished: done in 22s
  ✓ code_version scsim-0.2.7 (scsim engine, not legacy/stub)
  ✓ rep_count_done 200 == requested 200
  ✓ run_replications rows 200 == 200
  ✓ aggregate KPIs (15) + CI half-widths (14) present
  engine mapping report: 6 entries
    [info] material:M001.cost: no master cost → using volume-weighted inbound price
    [info] material:M002.cost: no master cost → using volume-weighted inbound price
    [info] product:P001.unit_price: no master sell_price → demand-weighted outbound price
    [warn] product:P001.production_capacity: no capacity source → defaulted (capacity will not bind)
    [info] scenario.analysis_window: 52 wk is outside the engine range [13, 39] wk → 39 wk used
    [info] policy:inventory_control.order_up_to: legacy absolute order_up_to replaced by coverage-based κ (≈8 weeks)
  ! 1 warn/error mapping entr(ies) allowed by ALLOW_MAPPING_WARNINGS
  ✓ policy_hash round-trip: run af41508f719a… == saved version
  ✓ required-data gate graded the dispatch (gate_skipped=false)
── reuse-or-rerun check (repeat dispatch of the identical run)
  ✓ repeat dispatch → 409 reuse_available (no silent recompute)
  ✓ reuse candidate is the completed run (1b9398ed…, 200 reps, scsim-0.2.7)
── single-run inspection mode (1 rep, payload.inspection=true)
  ✓ multi-rep run persisted no run_item_series rows (single-rep evidence only)
  ✓ inspection run dispatched → 88961f9f-101a-4cd7-9950-8d89ca9824ce
  ✓ inspection run done in 5s (1 replication, seed 7)
  ✓ run_item_series persisted: 1 product(s) + 2 material(s)
  ✓ material series keys: in_transit,on_hand,orders
  ✓ material weekly series length 52 == horizon 52 weeks
  ✓ product series keys: backlog,demand,fulfillment,lost_units,production
── dataset snapshot (verifiable-export source) check
  ✓ current_graph_hash matches the snapshot (779864bb719e…)
  (project is not the TRON reference — skipping row-level comparison)
  ✓ realtime delivered 207 simulation_runs event(s)
  ✓ realtime delivered 402 run_replications event(s)

════════ verification summary ════════
ALL CHECKS PASSED — 200 reps × 365 days, server-side, streamed over realtime.
──────────────────────────────────────
── fly status (pre-run)
[1mApp[0m
 Name     │ suresuite-sim-worker                                       
 Owner    │ personal                                                   
 Hostname │ suresuite-sim-worker.fly.dev                               
 Image    │ suresuite-sim-worker:deployment-01M35Q1305ZB55ZF58S3G6KJ1H 

[1mMachines[0m
 PROCESS │ ID             │ VERSION │ REGION │ STATE   │ ROLE │ CHECKS │ LAST UPDATED         
 app     │ 843997a22994d8 │ 60      │ ams    │ stopped │      │        │ 2026-09-25T11:20:27Z 
 app     │ 85e906a4167578 │ 60      │ ams    │ stopped │      │        │ 2026-09-25T11:18:56Z 

── recent worker logs (pre-run)
[2m2026-09-25T11:04:57Z[0m app[843997a22994d8] [32mams[0m [[34minfo[0m]2026-09-25 11:04:57,134 INFO httpx | HTTP Request: GET https://wckdrutwkytwcomrlpib.supabase.co/rest/v1/outbound_logistics?project_id=eq.50141cd1-9285-4d91-a7d1-dbd91a3ffcb5&select=product_id%2Ccustomer_id%2Cunit_price%2Cvolume%2Ctime_unit "HTTP/1.1 200 OK"
[2m2026-09-25T11:04:57Z[0m app[843997a22994d8] [32mams[0m [[34minfo[0m]2026-09-25 11:04:57,164 INFO httpx | HTTP Request: GET https://wckdrutwkytwcomrlpib.supabase.co/rest/v1/customers?project_id=eq.50141cd1-9285-4d91-a7d1-dbd91a3ffcb5&select=customer_id%2Cname%2Csegment%2Cpriority_weight "HTTP/1.1 200 OK"
[2m2026-09-25T11:04:57Z[0m app[843997a22994d8] [32mams[0m [[34minfo[0m]2026-09-25 11:04:57,448 INFO httpx | HTTP Request: POST https://wckdrutwkytwcomrlpib.supabase.co/rest/v1/run_replications?on_conflict=run_id%2Crep_index "HTTP/1.1 201 Created"
[2m2026-09-25T11:04:57Z[0m app[843997a22994d8] [32mams[0m [[34minfo[0m]2026-09-25 11:04:57,484 INFO httpx | HTTP Request: PATCH https://wckdrutwkytwcomrlpib.supabase.co/rest/v1/simulation_runs?id=eq.eea0e6eb-2305-48d7-9c07-ae6fb7c5a903&status=in.%28queued%2Crunning%29&select=id "HTTP/1.1 200 OK"
[2m2026-09-25T11:04:57Z[0m app[843997a22994d8] [32mams[0m [[34minfo[0m]2026-09-25 11:04:57,535 INFO httpx | HTTP Request: POST https://wckdrutwkytwcomrlpib.supabase.co/rest/v1/run_replications?on_conflict=run_id%2Crep_index "HTTP/1.1 201 Created"
[2m2026-09-25T11:04:57Z[0m app[843997a22994d8] [32mams[0m [[34minfo[0m]2026-09-25 11:04:57,549 INFO httpx | HTTP Request: POST https://wckdrutwkytwcomrlpib.supabase.co/rest/v1/run_replications?on_conflict=run_id%2Crep_index "HTTP/1.1 201 Created"
[2m2026-09-25T11:04:57Z[0m app[843997a22994d8] [32mams[0m [[34minfo[0m]2026-09-25 11:04:57,552 INFO httpx | HTTP Request: POST https://wckdrutwkytwcomrlpib.supabase.co/rest/v1/run_replications?on_conflict=run_id%2Crep_index "HTTP/1.1 201 Created"
[2m2026-09-25T11:04:57Z[0m app[843997a22994d8] [32mams[0m [[34minfo[0m]2026-09-25 11:04:57,562 INFO httpx | HTTP Request: POST https://wckdrutwkytwcomrlpib.supabase.co/rest/v1/run_replications?on_conflict=run_id%2Crep_index "HTTP/1.1 201 Created"
[2m2026-09-25T11:04:57Z[0m app[843997a22994d8] [32mams[0m [[34minfo[0m]2026-09-25 11:04:57,595 INFO httpx | HTTP Request: PATCH https://wckdrutwkytwcomrlpib.supabase.co/rest/v1/simulation_runs?id=eq.eea0e6eb-2305-48d7-9c07-ae6fb7c5a903&status=in.%28queued%2Crunning%29&select=id "HTTP/1.1 200 OK"
[2m2026-09-25T11:04:57Z[0m app[843997a22994d8] [32mams[0m [[34minfo[0m]2026-09-25 11:04:57,602 INFO httpx | HTTP Request: PATCH https://wckdrutwkytwcomrlpib.supabase.co/rest/v1/simulation_runs?id=eq.eea0e6eb-2305-48d7-9c07-ae6fb7c5a903&status=in.%28queued%2Crunning%29&select=id "HTTP/1.1 200 OK"
[2m2026-09-25T11:04:57Z[0m app[843997a22994d8] [32mams[0m [[34minfo[0m]2026-09-25 11:04:57,608 INFO httpx | HTTP Request: PATCH https://wckdrutwkytwcomrlpib.supabase.co/rest/v1/simulation_runs?id=eq.eea0e6eb-2305-48d7-9c07-ae6fb7c5a903&status=in.%28queued%2Crunning%29&select=id "HTTP/1.1 200 OK"
[2m2026-09-25T11:04:57Z[0m app[843997a22994d8] [32mams[0m [[34minfo[0m]2026-09-25 11:04:57,634 INFO httpx | HTTP Request: PATCH https://wckdrutwkytwcomrlpib.supabase.co/rest/v1/simulation_runs?id=eq.eea0e6eb-2305-48d7-9c07-ae6fb7c5a903&status=in.%28queued%2Crunning%29&select=id "HTTP/1.1 200 OK"
[2m2026-09-25T11:04:57Z[0m app[843997a22994d8] [32mams[0m [[34minfo[0m]2026-09-25 11:04:57,639 INFO httpx | HTTP Request: POST https://wckdrutwkytwcomrlpib.supabase.co/rest/v1/run_replications?on_conflict=run_id%2Crep_index "HTTP/1.1 201 Created"
[2m2026-09-25T11:04:57Z[0m app[843997a22994d8] [32mams[0m [[34minfo[0m]2026-09-25 11:04:57,651 INFO httpx | HTTP Request: POST https://wckdrutwkytwcomrlpib.supabase.co/rest/v1/run_replications?on_conflict=run_id%2Crep_index "HTTP/1.1 201 Created"
[2m2026-09-25T11:04:57Z[0m app[843997a22994d8] [32mams[0m [[34minfo[0m]2026-09-25 11:04:57,654 INFO httpx | HTTP Request: POST https://wckdrutwkytwcomrlpib.supabase.co/rest/v1/run_replications?on_conflict=run_id%2Crep_index "HTTP/1.1 201 Created"
[2m2026-09-25T11:04:57Z[0m app[843997a22994d8] [32mams[0m [[34minfo[0m]2026-09-25 11:04:57,680 INFO httpx | HTTP Request: PATCH https://wckdrutwkytwcomrlpib.supabase.co/rest/v1/simulation_runs?id=eq.eea0e6eb-2305-48d7-9c07-ae6fb7c5a903&status=in.%28queued%2Crunning%29&select=id "HTTP/1.1 200 OK"
[2m2026-09-25T11:04:57Z[0m app[843997a22994d8] [32mams[0m [[34minfo[0m]2026-09-25 11:04:57,692 INFO httpx | HTTP Request: PATCH https://wckdrutwkytwcomrlpib.supabase.co/rest/v1/simulation_runs?id=eq.eea0e6eb-2305-48d7-9c07-ae6fb7c5a903&status=in.%28queued%2Crunning%29&select=id "HTTP/1.1 200 OK"
[2m2026-09-25T11:04:57Z[0m app[843997a22994d8] [32mams[0m [[34minfo[0m]2026-09-25 11:04:57,697 INFO httpx | HTTP Request: POST https://wckdrutwkytwcomrlpib.supabase.co/rest/v1/run_replications?on_conflict=run_id%2Crep_index "HTTP/1.1 201 Created"
[2m2026-09-25T11:04:57Z[0m app[843997a22994d8] [32mams[0m [[34minfo[0m]2026-09-25 11:04:57,710 INFO httpx | HTTP Request: PATCH https://wckdrutwkytwcomrlpib.supabase.co/rest/v1/simulation_runs?id=eq.eea0e6eb-2305-48d7-9c07-ae6fb7c5a903&status=in.%28queued%2Crunning%29&select=id "HTTP/1.1 200 OK"
[2m2026-09-25T11:04:57Z[0m app[843997a22994d8] [32mams[0m [[34minfo[0m]2026-09-25 11:04:57,735 INFO httpx | HTTP Request: PATCH https://wckdrutwkytwcomrlpib.supabase.co/rest/v1/simulation_runs?id=eq.eea0e6eb-2305-48d7-9c07-ae6fb7c5a903&status=in.%28queued%2Crunning%29&select=id "HTTP/1.1 200 OK"
[2m2026-09-25T11:04:57Z[0m app[843997a22994d8] [32mams[0m [[34minfo[0m]2026-09-25 11:04:57,748 INFO httpx | HTTP Request: POST https://wckdrutwkytwcomrlpib.supabase.co/rest/v1/run_replications?on_conflict=run_id%2Crep_index "HTTP/1.1 201 Created"
[2m2026-09-25T11:04:57Z[0m app[843997a22994d8] [32mams[0m [[34minfo[0m]2026-09-25 11:04:57,782 INFO httpx | HTTP Request: PATCH https://wckdrutwkytwcomrlpib.supabase.co/rest/v1/simulation_runs?id=eq.eea0e6eb-2305-48d7-9c07-ae6fb7c5a903&status=in.%28queued%2Crunning%29&select=id "HTTP/1.1 200 OK"
[2m2026-09-25T11:04:57Z[0m app[843997a22994d8] [32mams[0m [[34minfo[0m]2026-09-25 11:04:57,841 INFO httpx | HTTP Request: POST https://wckdrutwkytwcomrlpib.supabase.co/rest/v1/run_replications?on_conflict=run_id%2Crep_index "HTTP/1.1 200 OK"
[2m2026-09-25T11:04:57Z[0m app[843997a22994d8] [32mams[0m [[34minfo[0m]2026-09-25 11:04:57,888 INFO httpx | HTTP Request: PATCH https://wckdrutwkytwcomrlpib.supabase.co/rest/v1/simulation_runs?id=eq.eea0e6eb-2305-48d7-9c07-ae6fb7c5a903&status=in.%28queued%2Crunning%29&select=id "HTTP/1.1 200 OK"
[2m2026-09-25T11:04:57Z[0m app[843997a22994d8] [32mams[0m [[34minfo[0m]2026-09-25 11:04:57,938 INFO httpx | HTTP Request: POST https://wckdrutwkytwcomrlpib.supabase.co/realtime/v1/api/broadcast "HTTP/1.1 202 Accepted"
[2m2026-09-25T11:15:54Z[0m app[843997a22994d8] [32mams[0m [[34minfo[0m]2026-09-25 11:15:54,707 INFO sim_worker.graph_cache | evicted idle project 50141cd1-9285-4d91-a7d1-dbd91a3ffcb5
[2m2026-09-25T11:18:55Z[0m app[85e906a4167578] [32mams[0m [[34minfo[0m]2026-09-25 11:18:55,160 INFO sim_worker.worker | idle 900s (no work, nothing in flight) — exiting to scale the Fly machine to zero
[2m2026-09-25T11:18:55Z[0m app[85e906a4167578] [32mams[0m [[34minfo[0m]2026-09-25 11:18:55,161 INFO sim_worker | shutdown signal received
[2m2026-09-25T11:18:55Z[0m app[85e906a4167578] [32mams[0m [[34minfo[0m]2026-09-25 11:18:55,222 INFO sim_worker | sim-worker stopped
[2m2026-09-25T11:18:55Z[0m app[85e906a4167578] [32mams[0m [[34minfo[0m][32m INFO[0m Main child exited normally with code: 0
[2m2026-09-25T11:18:55Z[0m app[85e906a4167578] [32mams[0m [[34minfo[0m][32m INFO[0m Starting clean up.
[2m2026-09-25T11:18:55Z[0m app[85e906a4167578] [32mams[0m [[34minfo[0m][  905.076281] reboot: Restarting system
[2m2026-09-25T11:18:56Z[0m runner[85e906a4167578] [32mams[0m [[34minfo[0m]machine exited with exit code 0, not restarting
[2m2026-09-25T11:20:24Z[0m app[843997a22994d8] [32mams[0m [[34minfo[0m]2026-09-25 11:20:24,862 INFO sim_worker.worker | idle 927s (no work, nothing in flight) — exiting to scale the Fly machine to zero
[2m2026-09-25T11:20:24Z[0m app[843997a22994d8] [32mams[0m [[34minfo[0m]2026-09-25 11:20:24,863 INFO sim_worker | shutdown signal received
[2m2026-09-25T11:20:24Z[0m app[843997a22994d8] [32mams[0m [[34minfo[0m]2026-09-25 11:20:24,874 INFO sim_worker | sim-worker stopped
[2m2026-09-25T11:20:25Z[0m app[843997a22994d8] [32mams[0m [[34minfo[0m][32m INFO[0m Main child exited normally with code: 0
[2m2026-09-25T11:20:25Z[0m app[843997a22994d8] [32mams[0m [[34minfo[0m][32m INFO[0m Starting clean up.
[2m2026-09-25T11:20:25Z[0m app[843997a22994d8] [32mams[0m [[34minfo[0m][  995.323495] reboot: Restarting system
[2m2026-09-25T11:20:26Z[0m runner[843997a22994d8] [32mams[0m [[34minfo[0m]machine exited with exit code 0, not restarting
── fly status (post-run)
[1mApp[0m
 Name     │ suresuite-sim-worker                                       
 Owner    │ personal                                                   
 Hostname │ suresuite-sim-worker.fly.dev                               
 Image    │ suresuite-sim-worker:deployment-01M35Q1305ZB55ZF58S3G6KJ1H 

[1mMachines[0m
 PROCESS │ ID             │ VERSION │ REGION │ STATE   │ ROLE │ CHECKS │ LAST UPDATED         
 app     │ 843997a22994d8 │ 60      │ ams    │ started │      │        │ 2026-09-25T12:12:17Z 
 app     │ 85e906a4167578 │ 60      │ ams    │ started │      │        │ 2026-09-25T12:12:17Z 

── recent worker logs (post-run)
[2m2026-09-25T12:12:29Z[0m app[85e906a4167578] [32mams[0m [[34minfo[0m]2026-09-25 12:12:29,055 INFO httpx | HTTP Request: PATCH https://wckdrutwkytwcomrlpib.supabase.co/rest/v1/simulation_runs?id=eq.1b9398ed-feca-4129-8d72-b1d5bca010d9&status=in.%28queued%2Crunning%29&select=id "HTTP/1.1 200 OK"
[2m2026-09-25T12:12:29Z[0m app[85e906a4167578] [32mams[0m [[34minfo[0m]2026-09-25 12:12:29,066 INFO httpx | HTTP Request: POST https://wckdrutwkytwcomrlpib.supabase.co/rest/v1/run_replications?on_conflict=run_id%2Crep_index "HTTP/1.1 201 Created"
[2m2026-09-25T12:12:29Z[0m app[85e906a4167578] [32mams[0m [[34minfo[0m]2026-09-25 12:12:29,079 INFO httpx | HTTP Request: PATCH https://wckdrutwkytwcomrlpib.supabase.co/rest/v1/simulation_runs?id=eq.1b9398ed-feca-4129-8d72-b1d5bca010d9&status=in.%28queued%2Crunning%29&select=id "HTTP/1.1 200 OK"
[2m2026-09-25T12:12:29Z[0m app[85e906a4167578] [32mams[0m [[34minfo[0m]2026-09-25 12:12:29,092 INFO httpx | HTTP Request: POST https://wckdrutwkytwcomrlpib.supabase.co/rest/v1/run_replications?on_conflict=run_id%2Crep_index "HTTP/1.1 201 Created"
[2m2026-09-25T12:12:29Z[0m app[85e906a4167578] [32mams[0m [[34minfo[0m]2026-09-25 12:12:29,101 INFO httpx | HTTP Request: PATCH https://wckdrutwkytwcomrlpib.supabase.co/rest/v1/simulation_runs?id=eq.1b9398ed-feca-4129-8d72-b1d5bca010d9&status=in.%28queued%2Crunning%29&select=id "HTTP/1.1 200 OK"
[2m2026-09-25T12:12:29Z[0m app[85e906a4167578] [32mams[0m [[34minfo[0m]2026-09-25 12:12:29,117 INFO httpx | HTTP Request: POST https://wckdrutwkytwcomrlpib.supabase.co/rest/v1/run_replications?on_conflict=run_id%2Crep_index "HTTP/1.1 201 Created"
[2m2026-09-25T12:12:29Z[0m app[85e906a4167578] [32mams[0m [[34minfo[0m]2026-09-25 12:12:29,127 INFO httpx | HTTP Request: PATCH https://wckdrutwkytwcomrlpib.supabase.co/rest/v1/simulation_runs?id=eq.1b9398ed-feca-4129-8d72-b1d5bca010d9&status=in.%28queued%2Crunning%29&select=id "HTTP/1.1 200 OK"
[2m2026-09-25T12:12:29Z[0m app[85e906a4167578] [32mams[0m [[34minfo[0m]2026-09-25 12:12:29,138 INFO httpx | HTTP Request: POST https://wckdrutwkytwcomrlpib.supabase.co/rest/v1/run_replications?on_conflict=run_id%2Crep_index "HTTP/1.1 201 Created"
[2m2026-09-25T12:12:29Z[0m app[85e906a4167578] [32mams[0m [[34minfo[0m]2026-09-25 12:12:29,151 INFO httpx | HTTP Request: PATCH https://wckdrutwkytwcomrlpib.supabase.co/rest/v1/simulation_runs?id=eq.1b9398ed-feca-4129-8d72-b1d5bca010d9&status=in.%28queued%2Crunning%29&select=id "HTTP/1.1 200 OK"
[2m2026-09-25T12:12:29Z[0m app[85e906a4167578] [32mams[0m [[34minfo[0m]2026-09-25 12:12:29,173 INFO httpx | HTTP Request: POST https://wckdrutwkytwcomrlpib.supabase.co/rest/v1/run_replications?on_conflict=run_id%2Crep_index "HTTP/1.1 201 Created"
[2m2026-09-25T12:12:29Z[0m app[85e906a4167578] [32mams[0m [[34minfo[0m]2026-09-25 12:12:29,176 INFO httpx | HTTP Request: PATCH https://wckdrutwkytwcomrlpib.supabase.co/rest/v1/simulation_runs?id=eq.1b9398ed-feca-4129-8d72-b1d5bca010d9&status=in.%28queued%2Crunning%29&select=id "HTTP/1.1 200 OK"
[2m2026-09-25T12:12:29Z[0m app[85e906a4167578] [32mams[0m [[34minfo[0m]2026-09-25 12:12:29,193 INFO httpx | HTTP Request: POST https://wckdrutwkytwcomrlpib.supabase.co/rest/v1/run_replications?on_conflict=run_id%2Crep_index "HTTP/1.1 201 Created"
[2m2026-09-25T12:12:29Z[0m app[85e906a4167578] [32mams[0m [[34minfo[0m]2026-09-25 12:12:29,217 INFO httpx | HTTP Request: PATCH https://wckdrutwkytwcomrlpib.supabase.co/rest/v1/simulation_runs?id=eq.1b9398ed-feca-4129-8d72-b1d5bca010d9&status=in.%28queued%2Crunning%29&select=id "HTTP/1.1 200 OK"
[2m2026-09-25T12:12:29Z[0m app[85e906a4167578] [32mams[0m [[34minfo[0m]2026-09-25 12:12:29,224 INFO httpx | HTTP Request: POST https://wckdrutwkytwcomrlpib.supabase.co/rest/v1/run_replications?on_conflict=run_id%2Crep_index "HTTP/1.1 201 Created"
[2m2026-09-25T12:12:29Z[0m app[85e906a4167578] [32mams[0m [[34minfo[0m]2026-09-25 12:12:29,231 INFO httpx | HTTP Request: PATCH https://wckdrutwkytwcomrlpib.supabase.co/rest/v1/simulation_runs?id=eq.1b9398ed-feca-4129-8d72-b1d5bca010d9&status=in.%28queued%2Crunning%29&select=id "HTTP/1.1 200 OK"
[2m2026-09-25T12:12:29Z[0m app[85e906a4167578] [32mams[0m [[34minfo[0m]2026-09-25 12:12:29,257 INFO httpx | HTTP Request: POST https://wckdrutwkytwcomrlpib.supabase.co/rest/v1/run_replications?on_conflict=run_id%2Crep_index "HTTP/1.1 201 Created"
[2m2026-09-25T12:12:29Z[0m app[85e906a4167578] [32mams[0m [[34minfo[0m]2026-09-25 12:12:29,261 INFO httpx | HTTP Request: PATCH https://wckdrutwkytwcomrlpib.supabase.co/rest/v1/simulation_runs?id=eq.1b9398ed-feca-4129-8d72-b1d5bca010d9&status=in.%28queued%2Crunning%29&select=id "HTTP/1.1 200 OK"
[2m2026-09-25T12:12:29Z[0m app[85e906a4167578] [32mams[0m [[34minfo[0m]2026-09-25 12:12:29,277 INFO httpx | HTTP Request: POST https://wckdrutwkytwcomrlpib.supabase.co/rest/v1/run_replications?on_conflict=run_id%2Crep_index "HTTP/1.1 201 Created"
[2m2026-09-25T12:12:29Z[0m app[85e906a4167578] [32mams[0m [[34minfo[0m]2026-09-25 12:12:29,298 INFO httpx | HTTP Request: PATCH https://wckdrutwkytwcomrlpib.supabase.co/rest/v1/simulation_runs?id=eq.1b9398ed-feca-4129-8d72-b1d5bca010d9&status=in.%28queued%2Crunning%29&select=id "HTTP/1.1 200 OK"
[2m2026-09-25T12:12:29Z[0m app[85e906a4167578] [32mams[0m [[34minfo[0m]2026-09-25 12:12:29,305 INFO httpx | HTTP Request: PATCH https://wckdrutwkytwcomrlpib.supabase.co/rest/v1/simulation_runs?id=eq.1b9398ed-feca-4129-8d72-b1d5bca010d9&status=in.%28queued%2Crunning%29&select=id "HTTP/1.1 200 OK"
[2m2026-09-25T12:12:29Z[0m app[85e906a4167578] [32mams[0m [[34minfo[0m]2026-09-25 12:12:29,314 INFO httpx | HTTP Request: POST https://wckdrutwkytwcomrlpib.supabase.co/rest/v1/run_replications?on_conflict=run_id%2Crep_index "HTTP/1.1 201 Created"
[2m2026-09-25T12:12:29Z[0m app[85e906a4167578] [32mams[0m [[34minfo[0m]2026-09-25 12:12:29,331 INFO httpx | HTTP Request: POST https://wckdrutwkytwcomrlpib.supabase.co/rest/v1/run_replications?on_conflict=run_id%2Crep_index "HTTP/1.1 201 Created"
[2m2026-09-25T12:12:29Z[0m app[85e906a4167578] [32mams[0m [[34minfo[0m]2026-09-25 12:12:29,355 INFO httpx | HTTP Request: PATCH https://wckdrutwkytwcomrlpib.supabase.co/rest/v1/simulation_runs?id=eq.1b9398ed-feca-4129-8d72-b1d5bca010d9&status=in.%28queued%2Crunning%29&select=id "HTTP/1.1 200 OK"
[2m2026-09-25T12:12:29Z[0m app[85e906a4167578] [32mams[0m [[34minfo[0m]2026-09-25 12:12:29,356 INFO httpx | HTTP Request: POST https://wckdrutwkytwcomrlpib.supabase.co/rest/v1/run_replications?on_conflict=run_id%2Crep_index "HTTP/1.1 201 Created"
[2m2026-09-25T12:12:29Z[0m app[85e906a4167578] [32mams[0m [[34minfo[0m]2026-09-25 12:12:29,379 INFO httpx | HTTP Request: PATCH https://wckdrutwkytwcomrlpib.supabase.co/rest/v1/simulation_runs?id=eq.1b9398ed-feca-4129-8d72-b1d5bca010d9&status=in.%28queued%2Crunning%29&select=id "HTTP/1.1 200 OK"
[2m2026-09-25T12:12:29Z[0m app[85e906a4167578] [32mams[0m [[34minfo[0m]2026-09-25 12:12:29,389 INFO httpx | HTTP Request: PATCH https://wckdrutwkytwcomrlpib.supabase.co/rest/v1/simulation_runs?id=eq.1b9398ed-feca-4129-8d72-b1d5bca010d9&status=in.%28queued%2Crunning%29&select=id "HTTP/1.1 200 OK"
[2m2026-09-25T12:12:29Z[0m app[85e906a4167578] [32mams[0m [[34minfo[0m]2026-09-25 12:12:29,405 INFO httpx | HTTP Request: POST https://wckdrutwkytwcomrlpib.supabase.co/rest/v1/run_replications?on_conflict=run_id%2Crep_index "HTTP/1.1 201 Created"
[2m2026-09-25T12:12:29Z[0m app[85e906a4167578] [32mams[0m [[34minfo[0m]2026-09-25 12:12:29,438 INFO httpx | HTTP Request: POST https://wckdrutwkytwcomrlpib.supabase.co/rest/v1/run_replications?on_conflict=run_id%2Crep_index "HTTP/1.1 201 Created"
[2m2026-09-25T12:12:29Z[0m app[85e906a4167578] [32mams[0m [[34minfo[0m]2026-09-25 12:12:29,445 INFO httpx | HTTP Request: POST https://wckdrutwkytwcomrlpib.supabase.co/rest/v1/run_replications?on_conflict=run_id%2Crep_index "HTTP/1.1 201 Created"
[2m2026-09-25T12:12:29Z[0m app[85e906a4167578] [32mams[0m [[34minfo[0m]2026-09-25 12:12:29,452 INFO httpx | HTTP Request: PATCH https://wckdrutwkytwcomrlpib.supabase.co/rest/v1/simulation_runs?id=eq.1b9398ed-feca-4129-8d72-b1d5bca010d9&status=in.%28queued%2Crunning%29&select=id "HTTP/1.1 200 OK"
[2m2026-09-25T12:12:29Z[0m app[85e906a4167578] [32mams[0m [[34minfo[0m]2026-09-25 12:12:29,486 INFO httpx | HTTP Request: POST https://wckdrutwkytwcomrlpib.supabase.co/rest/v1/run_replications?on_conflict=run_id%2Crep_index "HTTP/1.1 201 Created"
[2m2026-09-25T12:12:29Z[0m app[85e906a4167578] [32mams[0m [[34minfo[0m]2026-09-25 12:12:29,499 INFO httpx | HTTP Request: PATCH https://wckdrutwkytwcomrlpib.supabase.co/rest/v1/simulation_runs?id=eq.1b9398ed-feca-4129-8d72-b1d5bca010d9&status=in.%28queued%2Crunning%29&select=id "HTTP/1.1 200 OK"
[2m2026-09-25T12:12:29Z[0m app[85e906a4167578] [32mams[0m [[34minfo[0m]2026-09-25 12:12:29,501 INFO httpx | HTTP Request: PATCH https://wckdrutwkytwcomrlpib.supabase.co/rest/v1/simulation_runs?id=eq.1b9398ed-feca-4129-8d72-b1d5bca010d9&status=in.%28queued%2Crunning%29&select=id "HTTP/1.1 200 OK"
[2m2026-09-25T12:12:29Z[0m app[85e906a4167578] [32mams[0m [[34minfo[0m]2026-09-25 12:12:29,546 INFO httpx | HTTP Request: PATCH https://wckdrutwkytwcomrlpib.supabase.co/rest/v1/simulation_runs?id=eq.1b9398ed-feca-4129-8d72-b1d5bca010d9&status=in.%28queued%2Crunning%29&select=id "HTTP/1.1 200 OK"
[2m2026-09-25T12:12:30Z[0m app[85e906a4167578] [32mams[0m [[34minfo[0m]2026-09-25 12:12:30,759 INFO httpx | HTTP Request: POST https://wckdrutwkytwcomrlpib.supabase.co/rest/v1/run_replications?on_conflict=run_id%2Crep_index "HTTP/1.1 200 OK"
[2m2026-09-25T12:12:30Z[0m app[85e906a4167578] [32mams[0m [[34minfo[0m]2026-09-25 12:12:30,808 INFO httpx | HTTP Request: PATCH https://wckdrutwkytwcomrlpib.supabase.co/rest/v1/simulation_runs?id=eq.1b9398ed-feca-4129-8d72-b1d5bca010d9&status=in.%28queued%2Crunning%29&select=id "HTTP/1.1 200 OK"
[2m2026-09-25T12:12:30Z[0m app[85e906a4167578] [32mams[0m [[34minfo[0m]2026-09-25 12:12:30,884 INFO httpx | HTTP Request: POST https://wckdrutwkytwcomrlpib.supabase.co/realtime/v1/api/broadcast "HTTP/1.1 202 Accepted"
[2m2026-09-25T12:12:39Z[0m app[843997a22994d8] [32mams[0m [[34minfo[0m]2026-09-25 12:12:39,010 INFO httpx | HTTP Request: GET https://wckdrutwkytwcomrlpib.supabase.co/rest/v1/inbound_logistics?select=supplier_id%2Cmaterial_id%2Clead_time%2Cunit_price%2Cvolume%2Ctime_unit&project_id=eq.50141cd1-9285-4d91-a7d1-dbd91a3ffcb5 "HTTP/1.1 200 OK"
[2m2026-09-25T12:12:39Z[0m app[843997a22994d8] [32mams[0m [[34minfo[0m]2026-09-25 12:12:39,044 INFO httpx | HTTP Request: GET https://wckdrutwkytwcomrlpib.supabase.co/rest/v1/bom_single_level?select=product_id%2Cmaterial_id%2Cconsumption_rate&project_id=eq.50141cd1-9285-4d91-a7d1-dbd91a3ffcb5 "HTTP/1.1 200 OK"
[2m2026-09-25T12:12:39Z[0m app[843997a22994d8] [32mams[0m [[34minfo[0m]2026-09-25 12:12:39,087 INFO httpx | HTTP Request: GET https://wckdrutwkytwcomrlpib.supabase.co/rest/v1/outbound_logistics?select=product_id%2Ccustomer_id%2Cvolume%2Ctime_unit%2Cunit_price%2Cexpected_lead_time&project_id=eq.50141cd1-9285-4d91-a7d1-dbd91a3ffcb5 "HTTP/1.1 200 OK"
[2m2026-09-25T12:12:39Z[0m app[843997a22994d8] [32mams[0m [[34minfo[0m]2026-09-25 12:12:39,145 INFO httpx | HTTP Request: GET https://wckdrutwkytwcomrlpib.supabase.co/rest/v1/policy_defaults?select=sourcing%2Cinventory%2Ctransport%2Cfulfillment%2Cproduction%2Crecovery%2Cdemand&project_id=eq.50141cd1-9285-4d91-a7d1-dbd91a3ffcb5 "HTTP/1.1 200 OK"
[2m2026-09-25T12:12:39Z[0m app[843997a22994d8] [32mams[0m [[34minfo[0m]2026-09-25 12:12:39,211 INFO httpx | HTTP Request: GET https://wckdrutwkytwcomrlpib.supabase.co/rest/v1/policy_overrides?select=scope%2Ctarget_key%2Cfamily%2Cpatch&project_id=eq.50141cd1-9285-4d91-a7d1-dbd91a3ffcb5 "HTTP/1.1 200 OK"
[2m2026-09-25T12:12:39Z[0m app[843997a22994d8] [32mams[0m [[34minfo[0m]2026-09-25 12:12:39,213 INFO sim_worker.graph_cache | warmed project 50141cd1-9285-4d91-a7d1-dbd91a3ffcb5  nodes=8  edges=7
[2m2026-09-25T12:12:39Z[0m app[843997a22994d8] [32mams[0m [[34minfo[0m]2026-09-25 12:12:39,276 INFO httpx | HTTP Request: PATCH https://wckdrutwkytwcomrlpib.supabase.co/rest/v1/simulation_runs?id=eq.88961f9f-101a-4cd7-9950-8d89ca9824ce&status=in.%28queued%29&select=id "HTTP/1.1 200 OK"
[2m2026-09-25T12:12:39Z[0m app[843997a22994d8] [32mams[0m [[34minfo[0m]2026-09-25 12:12:39,309 INFO httpx | HTTP Request: GET https://wckdrutwkytwcomrlpib.supabase.co/rest/v1/projects?id=eq.50141cd1-9285-4d91-a7d1-dbd91a3ffcb5&select=supply_chain_model "HTTP/1.1 200 OK"
[2m2026-09-25T12:12:39Z[0m app[843997a22994d8] [32mams[0m [[34minfo[0m]2026-09-25 12:12:39,376 INFO httpx | HTTP Request: POST https://wckdrutwkytwcomrlpib.supabase.co/rest/v1/rpc/ensure_item_masters "HTTP/1.1 204 No Content"
[2m2026-09-25T12:12:39Z[0m app[843997a22994d8] [32mams[0m [[34minfo[0m]2026-09-25 12:12:39,432 INFO httpx | HTTP Request: GET https://wckdrutwkytwcomrlpib.supabase.co/rest/v1/bom_multi_level?project_id=eq.50141cd1-9285-4d91-a7d1-dbd91a3ffcb5&select=material_id%2Chigher_level_component_id%2Clevel%2Cconsumption_rate "HTTP/1.1 200 OK"
[2m2026-09-25T12:12:39Z[0m app[843997a22994d8] [32mams[0m [[34minfo[0m]2026-09-25 12:12:39,463 INFO httpx | HTTP Request: GET https://wckdrutwkytwcomrlpib.supabase.co/rest/v1/bom_single_level?project_id=eq.50141cd1-9285-4d91-a7d1-dbd91a3ffcb5&select=product_id%2Cmaterial_id%2Cconsumption_rate "HTTP/1.1 200 OK"
[2m2026-09-25T12:12:39Z[0m app[843997a22994d8] [32mams[0m [[34minfo[0m]2026-09-25 12:12:39,497 INFO httpx | HTTP Request: GET https://wckdrutwkytwcomrlpib.supabase.co/rest/v1/suppliers?project_id=eq.50141cd1-9285-4d91-a7d1-dbd91a3ffcb5&select=%2A "HTTP/1.1 200 OK"
[2m2026-09-25T12:12:39Z[0m app[843997a22994d8] [32mams[0m [[34minfo[0m]2026-09-25 12:12:39,531 INFO httpx | HTTP Request: GET https://wckdrutwkytwcomrlpib.supabase.co/rest/v1/materials?project_id=eq.50141cd1-9285-4d91-a7d1-dbd91a3ffcb5&select=%2A "HTTP/1.1 200 OK"
[2m2026-09-25T12:12:39Z[0m app[843997a22994d8] [32mams[0m [[34minfo[0m]2026-09-25 12:12:39,597 INFO httpx | HTTP Request: GET https://wckdrutwkytwcomrlpib.supabase.co/rest/v1/products?project_id=eq.50141cd1-9285-4d91-a7d1-dbd91a3ffcb5&select=%2A "HTTP/1.1 200 OK"
[2m2026-09-25T12:12:39Z[0m app[843997a22994d8] [32mams[0m [[34minfo[0m]2026-09-25 12:12:39,653 INFO httpx | HTTP Request: GET https://wckdrutwkytwcomrlpib.supabase.co/rest/v1/inbound_logistics?project_id=eq.50141cd1-9285-4d91-a7d1-dbd91a3ffcb5&select=supplier_id%2Cmaterial_id%2Cunit_price%2Clead_time%2Clead_time_unit%2Ctime_unit%2Cvolume "HTTP/1.1 200 OK"
[2m2026-09-25T12:12:39Z[0m app[843997a22994d8] [32mams[0m [[34minfo[0m]2026-09-25 12:12:39,687 INFO httpx | HTTP Request: GET https://wckdrutwkytwcomrlpib.supabase.co/rest/v1/outbound_logistics?project_id=eq.50141cd1-9285-4d91-a7d1-dbd91a3ffcb5&select=product_id%2Ccustomer_id%2Cunit_price%2Cvolume%2Ctime_unit "HTTP/1.1 200 OK"
[2m2026-09-25T12:12:39Z[0m app[843997a22994d8] [32mams[0m [[34minfo[0m]2026-09-25 12:12:39,716 INFO httpx | HTTP Request: GET https://wckdrutwkytwcomrlpib.supabase.co/rest/v1/customers?project_id=eq.50141cd1-9285-4d91-a7d1-dbd91a3ffcb5&select=customer_id%2Cname%2Csegment%2Cpriority_weight "HTTP/1.1 200 OK"
[2m2026-09-25T12:12:41Z[0m app[843997a22994d8] [32mams[0m [[34minfo[0m]2026-09-25 12:12:41,240 INFO httpx | HTTP Request: POST https://wckdrutwkytwcomrlpib.supabase.co/rest/v1/run_replications?on_conflict=run_id%2Crep_index "HTTP/1.1 201 Created"
[2m2026-09-25T12:12:41Z[0m app[843997a22994d8] [32mams[0m [[34minfo[0m]2026-09-25 12:12:41,268 INFO httpx | HTTP Request: PATCH https://wckdrutwkytwcomrlpib.supabase.co/rest/v1/simulation_runs?id=eq.88961f9f-101a-4cd7-9950-8d89ca9824ce&status=in.%28queued%2Crunning%29&select=id "HTTP/1.1 200 OK"
[2m2026-09-25T12:12:41Z[0m app[843997a22994d8] [32mams[0m [[34minfo[0m]2026-09-25 12:12:41,316 INFO httpx | HTTP Request: POST https://wckdrutwkytwcomrlpib.supabase.co/rest/v1/run_replications?on_conflict=run_id%2Crep_index "HTTP/1.1 200 OK"
[2m2026-09-25T12:12:41Z[0m app[843997a22994d8] [32mams[0m [[34minfo[0m]2026-09-25 12:12:41,366 INFO httpx | HTTP Request: POST https://wckdrutwkytwcomrlpib.supabase.co/rest/v1/run_item_series?on_conflict=run_id%2Ckind%2Citem_id "HTTP/1.1 201 Created"
[2m2026-09-25T12:12:41Z[0m app[843997a22994d8] [32mams[0m [[34minfo[0m]2026-09-25 12:12:41,397 INFO httpx | HTTP Request: PATCH https://wckdrutwkytwcomrlpib.supabase.co/rest/v1/simulation_runs?id=eq.88961f9f-101a-4cd7-9950-8d89ca9824ce&status=in.%28queued%2Crunning%29&select=id "HTTP/1.1 200 OK"
[2m2026-09-25T12:12:41Z[0m app[843997a22994d8] [32mams[0m [[34minfo[0m]2026-09-25 12:12:41,455 INFO httpx | HTTP Request: POST https://wckdrutwkytwcomrlpib.supabase.co/realtime/v1/api/broadcast "HTTP/1.1 202 Accepted"
